// Jest Snapshot v1, https://goo.gl/fbAQLP

exports[`Pruebas en <DeleteEventFab /> Debe de mostrarse correctamente 1`] = `
<div>
  <button
    className="btn btn-danger fab-danger"
    onClick={[Function]}
  >
    <i
      className="fas fa-trash"
    />
    <span>
       Eliminar evento
    </span>
  </button>
</div>
`;
